2026-07-26 15:17:40,892 [ERROR][_log_rpc_error]: RPC error: [create_collection], <MilvusException: (code=65535, message=IO error: While appending to file: /var/lib/milvus/rdb_data/000761.sst: Cannot allocate memory)>, <elapsed:5.8ms>
Traceback:
Traceback (most recent call last):
  File "C:\Users\LENOVO\AppData\Local\Programs\Python\Python314\Lib\site-packages\pymilvus\decorators.py", line 518, in handler
    return func(*args, **kwargs)
  File "C:\Users\LENOVO\AppData\Local\Programs\Python\Python314\Lib\site-packages\pymilvus\decorators.py", line 565, in handler
    return func(self, *args, **kwargs)
  File "C:\Users\LENOVO\AppData\Local\Programs\Python\Python314\Lib\site-packages\pymilvus\decorators.py", line 456, in handler
    raise e from e
  File "C:\Users\LENOVO\AppData\Local\Programs\Python\Python314\Lib\site-packages\pymilvus\decorators.py", line 419, in handler
    return func(*args, **kwargs)
  File "C:\Users\LENOVO\AppData\Local\Programs\Python\Python314\Lib\site-packages\pymilvus\client\grpc_handler.py", line 415, in create_collection
    check_status(status)
    ~~~~~~~~~~~~^^^^^^^^
  File "C:\Users\LENOVO\AppData\Local\Programs\Python\Python314\Lib\site-packages\pymilvus\client\utils.py", line 77, in check_status
    raise MilvusException(status.code, status.reason, status.error_code)
pymilvus.exceptions.MilvusException: <MilvusException: (code=65535, message=IO error: While appending to file: /var/lib/milvus/rdb_data/000761.sst: Cannot allocate memory)>
 (decorators.py:472)
============================================================ 
[1/3] Tinh dedup mask (dung chung cho ca 4 nhanh)
 ============================================================
  --> 3 feat_index.parquet cung thu tu, dung chung 1 mask dedup.
  --> 182,422 dong goc -> 167,850 dong sau dedup (bo 14,572 dong trung L25_a1/L25_b)
============================================================ 
[2/3] Ket noi Milvus
 ============================================================
  --> ket noi http://localhost:19530 OK
============================================================ 
[3/3] Nap tung nhanh
 ============================================================

--- metaclip2 (nhanh CHINH (da ngu, khong dich)) ---
  feat_metaclip2.npy: (182422, 1024) -> dedup (167850, 1024)
  collection 'metaclip2' da ton tai -> xoa lam lai (idempotent)
Traceback (most recent call last):
  File "F:\AI_Challenge_Video_Image_Retrieval\aic-system\indexing\load_to_milvus.py", line 165, in <module>
    main()
    ~~~~^^
  File "F:\AI_Challenge_Video_Image_Retrieval\aic-system\indexing\load_to_milvus.py", line 100, in main
    client.create_collection(coll_name, schema=schema, index_params=index_params)
    ~~~~~~~~~~~~~~~~~~~~~~~~^^^^^^^^^^^^^^^^^^^^^^^^^^^^^^^^^^^^^^^^^^^^^^^^^^^^^
  File "C:\Users\LENOVO\AppData\Local\Programs\Python\Python314\Lib\site-packages\pymilvus\milvus_client\milvus_client.py", line 137, in create_collection
    return self._create_collection_with_schema(
           ~~~~~~~~~~~~~~~~~~~~~~~~~~~~~~~~~~~^
        collection_name, schema, index_params, timeout=timeout, **kwargs
        ^^^^^^^^^^^^^^^^^^^^^^^^^^^^^^^^^^^^^^^^^^^^^^^^^^^^^^^^^^^^^^^^
    )
    ^
  File "C:\Users\LENOVO\AppData\Local\Programs\Python\Python314\Lib\site-packages\pymilvus\milvus_client\milvus_client.py", line 977, in _create_collection_with_schema
    conn.create_collection(
    ~~~~~~~~~~~~~~~~~~~~~~^
        collection_name,
        ^^^^^^^^^^^^^^^^
    ...<3 lines>...
        **kwargs,
        ^^^^^^^^^
    )
    ^
  File "C:\Users\LENOVO\AppData\Local\Programs\Python\Python314\Lib\site-packages\pymilvus\decorators.py", line 521, in handler
    raise e from e
  File "C:\Users\LENOVO\AppData\Local\Programs\Python\Python314\Lib\site-packages\pymilvus\decorators.py", line 518, in handler
    return func(*args, **kwargs)
  File "C:\Users\LENOVO\AppData\Local\Programs\Python\Python314\Lib\site-packages\pymilvus\decorators.py", line 565, in handler
    return func(self, *args, **kwargs)
  File "C:\Users\LENOVO\AppData\Local\Programs\Python\Python314\Lib\site-packages\pymilvus\decorators.py", line 456, in handler
    raise e from e
  File "C:\Users\LENOVO\AppData\Local\Programs\Python\Python314\Lib\site-packages\pymilvus\decorators.py", line 419, in handler
    return func(*args, **kwargs)
  File "C:\Users\LENOVO\AppData\Local\Programs\Python\Python314\Lib\site-packages\pymilvus\client\grpc_handler.py", line 415, in create_collection
    check_status(status)
    ~~~~~~~~~~~~^^^^^^^^
  File "C:\Users\LENOVO\AppData\Local\Programs\Python\Python314\Lib\site-packages\pymilvus\client\utils.py", line 77, in check_status
    raise MilvusException(status.code, status.reason, status.error_code)
pymilvus.exceptions.MilvusException: <MilvusException: (code=65535, message=IO error: While appending to file: /var/lib/milvus/rdb_data/000761.sst: Cannot allocate memory)>
EXIT_CODE=1
